[backblue.gif]
[fade.gif]
[index.html]
[html.imaginacionweb.net/fullstate/css/skins/.DS_Store]
[html.imaginacionweb.net/fullstate/css/skins/index.html]
[html.imaginacionweb.net/fullstate/css/skins/cocoa/for_rent.png]
[html.imaginacionweb.net/fullstate/css/skins/cocoa/for_sale.png]
[html.imaginacionweb.net/fullstate/css/skins/cocoa/logo.png]
[html.imaginacionweb.net/fullstate/css/skins/cocoa/to_offer.png]
[html.imaginacionweb.net/fullstate/css/skins/cocoa/index.html]
[html.imaginacionweb.net/fullstate/css/skins/custom/for_rent.png]
[html.imaginacionweb.net/fullstate/css/skins/custom/for_sale.png]
[html.imaginacionweb.net/fullstate/css/skins/custom/logo.png]
[html.imaginacionweb.net/fullstate/css/skins/custom/to_offer.png]
[html.imaginacionweb.net/fullstate/css/skins/custom/index.html]
[html.imaginacionweb.net/fullstate/css/skins/green/for_rent.png]
[html.imaginacionweb.net/fullstate/css/skins/green/for_sale.png]
[html.imaginacionweb.net/fullstate/css/skins/green/logo.png]
[html.imaginacionweb.net/fullstate/css/skins/green/to_offer.png]
[html.imaginacionweb.net/fullstate/css/skins/green/index.html]
[html.imaginacionweb.net/fullstate/css/skins/orange/for_rent.png]
[html.imaginacionweb.net/fullstate/css/skins/orange/for_sale.png]
[html.imaginacionweb.net/fullstate/css/skins/orange/logo.png]
[html.imaginacionweb.net/fullstate/css/skins/orange/to_offer.png]
[html.imaginacionweb.net/fullstate/css/skins/orange/index.html]
[html.imaginacionweb.net/fullstate/css/skins/pink/for_rent.png]
[html.imaginacionweb.net/fullstate/css/skins/pink/for_sale.png]
[html.imaginacionweb.net/fullstate/css/skins/pink/logo.png]
[html.imaginacionweb.net/fullstate/css/skins/pink/to_offer.png]
[html.imaginacionweb.net/fullstate/css/skins/pink/index.html]
[html.imaginacionweb.net/fullstate/css/skins/purple/for_rent.png]
[html.imaginacionweb.net/fullstate/css/skins/purple/for_sale.png]
[html.imaginacionweb.net/fullstate/css/skins/purple/logo.png]
[html.imaginacionweb.net/fullstate/css/skins/purple/to_offer.png]
[html.imaginacionweb.net/fullstate/css/skins/purple/index.html]
[html.imaginacionweb.net/fullstate/css/skins/red/for_rent.png]
[html.imaginacionweb.net/fullstate/css/skins/red/for_sale.png]
[html.imaginacionweb.net/fullstate/css/skins/red/logo.png]
[html.imaginacionweb.net/fullstate/css/skins/red/to_offer.png]
[html.imaginacionweb.net/fullstate/css/skins/red/index.html]
[html.imaginacionweb.net/fullstate/img/bg-theme/none.jpg]
[html.imaginacionweb.net/fullstate/img/bg-theme/1.png]
[html.imaginacionweb.net/fullstate/img/bg-theme/2.png]
[html.imaginacionweb.net/fullstate/img/bg-theme/3.png]
[html.imaginacionweb.net/fullstate/img/bg-theme/4.png]
[html.imaginacionweb.net/fullstate/img/bg-theme/5.png]
[html.imaginacionweb.net/fullstate/img/bg-theme/6.png]
[html.imaginacionweb.net/fullstate/img/bg-theme/7.png]
[html.imaginacionweb.net/fullstate/img/bg-theme/8.png]
[html.imaginacionweb.net/fullstate/img/bg-theme/9.png]
[html.imaginacionweb.net/fullstate/img/bg-theme/10.png]
[html.imaginacionweb.net/fullstate/img/bg-theme/11.png]
[html.imaginacionweb.net/fullstate/img/bg-theme/12.png]
[html.imaginacionweb.net/fullstate/img/bg-theme/13.png]
[html.imaginacionweb.net/fullstate/img/bg-theme/14.png]
[html.imaginacionweb.net/fullstate/img/bg-theme/15.png]
[html.imaginacionweb.net/fullstate/img/bg-theme/16.png]
[html.imaginacionweb.net/fullstate/img/bg-theme/17.png]
[html.imaginacionweb.net/fullstate/img/bg-theme/18.png]
[html.imaginacionweb.net/fullstate/img/bg-theme/19.png]
[html.imaginacionweb.net/fullstate/img/bg-theme/20.png]
[html.imaginacionweb.net/fullstate/img/bg-theme/21.png]
[html.imaginacionweb.net/fullstate/img/bg-theme/22.png]
[html.imaginacionweb.net/fullstate/img/bg-theme/23.png]
[html.imaginacionweb.net/fullstate/img/bg-theme/25.png]
[html.imaginacionweb.net/fullstate/img/bg-theme/26.png]
[html.imaginacionweb.net/fullstate/img/img-theme/theme-options.png]
[html.imaginacionweb.net/fullstate/css/skins/theme-options.css]
[html.imaginacionweb.net/fullstate/css/skins/yellow/for_rent.png]
[html.imaginacionweb.net/fullstate/css/skins/yellow/for_sale.png]
[html.imaginacionweb.net/fullstate/css/skins/yellow/logo.png]
[html.imaginacionweb.net/fullstate/css/skins/yellow/to_offer.png]
[html.imaginacionweb.net/fullstate/css/skins/yellow/index.html]
[html.imaginacionweb.net/fullstate/css/skins/blue/for_rent.png]
[html.imaginacionweb.net/fullstate/css/skins/blue/for_sale.png]
[html.imaginacionweb.net/fullstate/css/skins/blue/logo.png]
[html.imaginacionweb.net/fullstate/css/skins/blue/to_offer.png]
[html.imaginacionweb.net/fullstate/css/skins/blue/index.html]
[html.imaginacionweb.net/fullstate/css/skins/cocoa/cocoa.css]
[html.imaginacionweb.net/fullstate/css/skins/custom/custom.css]
[html.imaginacionweb.net/fullstate/css/skins/green/green.css]
[html.imaginacionweb.net/fullstate/css/skins/orange/orange.css]
[html.imaginacionweb.net/fullstate/css/skins/pink/pink.css]
[html.imaginacionweb.net/fullstate/css/skins/purple/purple.css]
[html.imaginacionweb.net/fullstate/css/skins/red/red.css]
[html.imaginacionweb.net/fullstate/css/skins/yellow/yellow.css]
[html.imaginacionweb.net/fullstate/css/skins/blue/blue.css]
[html.imaginacionweb.net/fullstate/img/toggle.html]
[html.imaginacionweb.net/fullstate/img/bg-theme/24.png]
